// Jest Snapshot v1, https://goo.gl/fbAQLP

exports[`Tests for posting idea container Should render PostIdea component without crushing 1`] = `ReactWrapper {}`;
