// Jest Snapshot v1, https://goo.gl/fbAQLP

exports[`Tests for landing page Should render the landing page without crushing 1`] = `ReactWrapper {}`;
