// Jest Snapshot v1, https://goo.gl/fbAQLP

exports[`Tests for the sideMenu should render the SideMenu without crushing 1`] = `ReactWrapper {}`;
