// Jest Snapshot v1, https://goo.gl/fbAQLP

exports[`Tests for idea Should mount idea without crushing 1`] = `ReactWrapper {}`;
