// Jest Snapshot v1, https://goo.gl/fbAQLP

exports[`Tests for application component Should render application component without crushing 1`] = `ReactWrapper {}`;
