// Jest Snapshot v1, https://goo.gl/fbAQLP

exports[`Tests for search Should render search component without crushing 1`] = `ReactWrapper {}`;
