// Jest Snapshot v1, https://goo.gl/fbAQLP

exports[`Tests for BorderLessInput component Should render the borderless input component without crushing 1`] = `ReactWrapper {}`;
