// Jest Snapshot v1, https://goo.gl/fbAQLP

exports[`Tests for input component Ensures the input component renders without crushing 1`] = `ReactWrapper {}`;
