// Jest Snapshot v1, https://goo.gl/fbAQLP

exports[`Tests for password input Should render input password without crushing 1`] = `ReactWrapper {}`;
