// Jest Snapshot v1, https://goo.gl/fbAQLP

exports[`Tests for text area Should render text area without crushing 1`] = `ReactWrapper {}`;
