// Jest Snapshot v1, https://goo.gl/fbAQLP

exports[`header Tests Should render header without crushing 1`] = `ReactWrapper {}`;
