// Jest Snapshot v1, https://goo.gl/fbAQLP

exports[`Tests for landing page should render landing page header without crushing 1`] = `ReactWrapper {}`;
