// Jest Snapshot v1, https://goo.gl/fbAQLP

exports[`Tests for the page header Should test for the rendering of the page header without crushing 1`] = `ReactWrapper {}`;
