// Jest Snapshot v1, https://goo.gl/fbAQLP

exports[`Tests for code verification page should render component without crushing 1`] = `ReactWrapper {}`;
