// Jest Snapshot v1, https://goo.gl/fbAQLP

exports[`Tests for profile Should render profile component without crushing 1`] = `ReactWrapper {}`;
