// Jest Snapshot v1, https://goo.gl/fbAQLP

exports[`Tests for Ideas Should render ideas without crushing 1`] = `ReactWrapper {}`;
