// Jest Snapshot v1, https://goo.gl/fbAQLP

exports[`Tests for modals Should render the modal without crushing 1`] = `ReactWrapper {}`;
