// Jest Snapshot v1, https://goo.gl/fbAQLP

exports[`Tests for Icon Renders icon without crushing 1`] = `ReactWrapper {}`;
