// Jest Snapshot v1, https://goo.gl/fbAQLP

exports[`Tests for my profile container Should render my profile without crushing 1`] = `ReactWrapper {}`;
