// Jest Snapshot v1, https://goo.gl/fbAQLP

exports[`Tests for modal component Should render the modal without crushing 1`] = `ReactWrapper {}`;
