// Jest Snapshot v1, https://goo.gl/fbAQLP

exports[`Tests for modal header Should render the header without crushing 1`] = `ReactWrapper {}`;
