// Jest Snapshot v1, https://goo.gl/fbAQLP

exports[`Tests for profile form Render profile form without crushing 1`] = `ReactWrapper {}`;
