// Jest Snapshot v1, https://goo.gl/fbAQLP

exports[`Menu Title tests Tests for rendering of menu title without crushing 1`] = `ReactWrapper {}`;
