// Jest Snapshot v1, https://goo.gl/fbAQLP

exports[`Tests for menu component Should render menu without crushing 1`] = `ReactWrapper {}`;
