// Jest Snapshot v1, https://goo.gl/fbAQLP

exports[`Tests for overlay Should render overlay without crushing 1`] = `ReactWrapper {}`;
